#
# There is insufficient memory for the Java Runtime Environment to continue.
# Native memory allocation (mmap) failed to map 266338304 bytes for G1 virtual space
# Possible reasons:
#   The system is out of physical RAM or swap space
#   The process is running with CompressedOops enabled, and the Java Heap may be blocking the growth of the native heap
# Possible solutions:
#   Reduce memory load on the system
#   Increase physical memory or swap space
#   Check if swap backing store is full
#   Decrease Java heap size (-Xmx/-Xms)
#   Decrease number of Java threads
#   Decrease Java thread stack sizes (-Xss)
#   Set larger code cache with -XX:ReservedCodeCacheSize=
#   JVM is running with Zero Based Compressed Oops mode in which the Java heap is
#     placed in the first 32GB address space. The Java Heap base address is the
#     maximum limit for the native heap growth. Please use -XX:HeapBaseMinAddress
#     to set the Java Heap base and to place the Java Heap above 32GB virtual address.
# This output file may be truncated or incomplete.
#
#  Out of Memory Error (os_windows.cpp:3771), pid=13992, tid=18772
#
# JRE version:  (17.0.7) (build )
# Java VM: OpenJDK 64-Bit Server VM (17.0.7+0-b2043.56-10550314, mixed mode, sharing, tiered, compressed oops, compressed class ptrs, g1 gc, windows-amd64)
# No core dump will be written. Minidumps are not enabled by default on client versions of Windows
#

---------------  S U M M A R Y ------------

Command Line: git4idea.http.GitAskPassApp Username for 'https://github.com': 

Host: Intel(R) Core(TM) i5-6200U CPU @ 2.30GHz, 4 cores, 15G,  Windows 10 , 64 bit Build 19041 (10.0.19041.3636)
Time: Mon Jan 22 14:35:33 2024 Iran Standard Time elapsed time: 0.248468 seconds (0d 0h 0m 0s)

---------------  T H R E A D  ---------------

Current thread (0x000002ca8a300d10):  JavaThread "Unknown thread" [_thread_in_vm, id=18772, stack(0x000000f1d8f00000,0x000000f1d9000000)]

Stack: [0x000000f1d8f00000,0x000000f1d9000000]
Native frames: (J=compiled Java code, j=interpreted, Vv=VM code, C=native code)
V  [jvm.dll+0x683bfa]
V  [jvm.dll+0x8430a4]
V  [jvm.dll+0x8449be]
V  [jvm.dll+0x845023]
V  [jvm.dll+0x24ad2f]
V  [jvm.dll+0x680ac9]
V  [jvm.dll+0x67519a]
V  [jvm.dll+0x30b3cb]
V  [jvm.dll+0x312876]
V  [jvm.dll+0x36221e]
V  [jvm.dll+0x36244f]
V  [jvm.dll+0x2e14a8]
V  [jvm.dll+0x2e2414]
V  [jvm.dll+0x814391]
V  [jvm.dll+0x36ffe1]
V  [jvm.dll+0x7f396c]
V  [jvm.dll+0x3f305f]
V  [jvm.dll+0x3f4b91]
C  [jli.dll+0x528f]
C  [ucrtbase.dll+0x21bb2]
C  [KERNEL32.DLL+0x17344]
C  [ntdll.dll+0x526b1]


---------------  P R O C E S S  ---------------

Threads class SMR info:
_java_thread_list=0x00007ffd5fa7d098, length=0, elements={
}

Java Threads: ( => current thread )

Other Threads:
  0x000002ca8a36b040 GCTaskThread "GC Thread#0" [stack: 0x000000f1d9000000,0x000000f1d9100000] [id=28824]
  0x000002ca8a37bd50 ConcurrentGCThread "G1 Main Marker" [stack: 0x000000f1d9100000,0x000000f1d9200000] [id=31980]
  0x000002ca8a37c760 ConcurrentGCThread "G1 Conc#0" [stack: 0x000000f1d9200000,0x000000f1d9300000] [id=21756]

[error occurred during error reporting (printing all threads), id 0xc0000005, EXCEPTION_ACCESS_VIOLATION (0xc0000005) at pc=0x00007ffd5f232087]

VM state: not at safepoint (not fully initialized)

VM Mutex/Monitor currently owned by a thread:  ([mutex/lock_event])
[0x000002ca8a2fb520] Heap_lock - owner thread: 0x000002ca8a300d10

Heap address: 0x0000000702200000, size: 4062 MB, Compressed Oops mode: Zero based, Oop shift amount: 3

CDS archive(s) mapped at: [0x0000000000000000-0x0000000000000000-0x0000000000000000), size 0, SharedBaseAddress: 0x0000000800000000, ArchiveRelocationMode: 0.
Narrow klass base: 0x0000000000000000, Narrow klass shift: 0, Narrow klass range: 0x0

GC Precious Log:
<Empty>

Heap:
 garbage-first heap   total 0K, used 0K [0x0000000702200000, 0x0000000800000000)
  region size 2048K, 0 young (0K), 0 survivors (0K)
 Metaspace       used 0K, committed 0K, reserved 0K
  class space    used 0K, committed 0K, reserved 0K

Heap Regions: E=young(eden), S=young(survivor), O=old, HS=humongous(starts), HC=humongous(continues), CS=collection set, F=free, OA=open archive, CA=closed archive, TAMS=top-at-mark-start (previous, next)

Card table byte_map: [0x000002ca9cfd0000,0x000002ca9d7c0000] _byte_map_base: 0x000002ca997bf000

Marking Bits (Prev, Next): (CMBitMap*) 0x000002ca8a36b650, (CMBitMap*) 0x000002ca8a36b690
 Prev Bits: [0x000002ca9dfb0000, 0x000002caa1f28000)
 Next Bits: [0x000002caa1f30000, 0x000002caa5ea8000)

GC Heap History (0 events):
No events

Dll operation events (1 events):
Event: 0.012 Loaded shared library C:\Program Files\Android\Android Studio\jbr\bin\java.dll

Deoptimization events (0 events):
No events

Classes unloaded (0 events):
No events

Classes redefined (0 events):
No events

Internal exceptions (0 events):
No events

VM Operations (0 events):
No events

Events (0 events):
No events


Dynamic libraries:
0x00007ff664390000 - 0x00007ff66439a000 	C:\Program Files\Android\Android Studio\jbr\bin\java.exe
0x00007ffd9ba70000 - 0x00007ffd9bc68000 	C:\Windows\SYSTEM32\ntdll.dll
0x00007ffd9a450000 - 0x00007ffd9a50d000 	C:\Windows\System32\KERNEL32.DLL
0x00007ffd994d0000 - 0x00007ffd997c6000 	C:\Windows\System32\KERNELBASE.dll
0x00007ffd991e0000 - 0x00007ffd992e0000 	C:\Windows\System32\ucrtbase.dll
0x00007ffd81ef0000 - 0x00007ffd81f0b000 	C:\Program Files\Android\Android Studio\jbr\bin\VCRUNTIME140.dll
0x00007ffd8acd0000 - 0x00007ffd8ace7000 	C:\Program Files\Android\Android Studio\jbr\bin\jli.dll
0x00007ffd9b480000 - 0x00007ffd9b61e000 	C:\Windows\System32\USER32.dll
0x00007ffd99960000 - 0x00007ffd99982000 	C:\Windows\System32\win32u.dll
0x00007ffd9a320000 - 0x00007ffd9a34c000 	C:\Windows\System32\GDI32.dll
0x00007ffd997d0000 - 0x00007ffd998ea000 	C:\Windows\System32\gdi32full.dll
0x00007ffd99140000 - 0x00007ffd991dd000 	C:\Windows\System32\msvcp_win.dll
0x00007ffd8f6b0000 - 0x00007ffd8f94a000 	C:\Windows\WinSxS\amd64_microsoft.windows.common-controls_6595b64144ccf1df_6.0.19041.3636_none_60b6a03d71f818d5\COMCTL32.dll
0x00007ffd9b700000 - 0x00007ffd9b79e000 	C:\Windows\System32\msvcrt.dll
0x00007ffd9b8c0000 - 0x00007ffd9b8f0000 	C:\Windows\System32\IMM32.DLL
0x00007ffd83940000 - 0x00007ffd8394c000 	C:\Program Files\Android\Android Studio\jbr\bin\vcruntime140_1.dll
0x00007ffd70990000 - 0x00007ffd70a1d000 	C:\Program Files\Android\Android Studio\jbr\bin\msvcp140.dll
0x00007ffd5ef40000 - 0x00007ffd5fbc0000 	C:\Program Files\Android\Android Studio\jbr\bin\server\jvm.dll
0x00007ffd99e00000 - 0x00007ffd99eb3000 	C:\Windows\System32\ADVAPI32.dll
0x00007ffd99f20000 - 0x00007ffd99fbf000 	C:\Windows\System32\sechost.dll
0x00007ffd9b900000 - 0x00007ffd9ba26000 	C:\Windows\System32\RPCRT4.dll
0x00007ffd99a90000 - 0x00007ffd99ab7000 	C:\Windows\System32\bcrypt.dll
0x00007ffd8d640000 - 0x00007ffd8d649000 	C:\Windows\SYSTEM32\WSOCK32.dll
0x00007ffd9b410000 - 0x00007ffd9b47b000 	C:\Windows\System32\WS2_32.dll
0x00007ffd8f460000 - 0x00007ffd8f487000 	C:\Windows\SYSTEM32\WINMM.dll
0x00007ffd93af0000 - 0x00007ffd93afa000 	C:\Windows\SYSTEM32\VERSION.dll
0x00007ffd979d0000 - 0x00007ffd979e2000 	C:\Windows\SYSTEM32\kernel.appcore.dll
0x00007ffd94520000 - 0x00007ffd9452a000 	C:\Program Files\Android\Android Studio\jbr\bin\jimage.dll
0x00007ffd96ea0000 - 0x00007ffd97084000 	C:\Windows\SYSTEM32\DBGHELP.DLL
0x00007ffd91920000 - 0x00007ffd91954000 	C:\Windows\SYSTEM32\dbgcore.DLL
0x00007ffd99440000 - 0x00007ffd994c2000 	C:\Windows\System32\bcryptPrimitives.dll
0x00007ffd935c0000 - 0x00007ffd935e5000 	C:\Program Files\Android\Android Studio\jbr\bin\java.dll

dbghelp: loaded successfully - version: 4.0.5 - missing functions: none
symbol engine: initialized successfully - sym options: 0x614 - pdb path: .;C:\Program Files\Android\Android Studio\jbr\bin;C:\Windows\SYSTEM32;C:\Windows\WinSxS\amd64_microsoft.windows.common-controls_6595b64144ccf1df_6.0.19041.3636_none_60b6a03d71f818d5;C:\Program Files\Android\Android Studio\jbr\bin\server

VM Arguments:
java_command: git4idea.http.GitAskPassApp Username for 'https://github.com': 
java_class_path (initial): C:/Program Files/Android/Android Studio/plugins/vcs-git/lib/git4idea-rt.jar;C:/Program Files/Android/Android Studio/lib/externalProcess-rt.jar
Launcher Type: SUN_STANDARD

[Global flags]
     intx CICompilerCount                          = 3                                         {product} {ergonomic}
     uint ConcGCThreads                            = 1                                         {product} {ergonomic}
     uint G1ConcRefinementThreads                  = 4                                         {product} {ergonomic}
   size_t G1HeapRegionSize                         = 2097152                                   {product} {ergonomic}
    uintx GCDrainStackTargetSize                   = 64                                        {product} {ergonomic}
   size_t InitialHeapSize                          = 266338304                                 {product} {ergonomic}
   size_t MarkStackSize                            = 4194304                                   {product} {ergonomic}
   size_t MaxHeapSize                              = 4259315712                                {product} {ergonomic}
   size_t MinHeapDeltaBytes                        = 2097152                                   {product} {ergonomic}
   size_t MinHeapSize                              = 8388608                                   {product} {ergonomic}
    uintx NonNMethodCodeHeapSize                   = 5832780                                {pd product} {ergonomic}
    uintx NonProfiledCodeHeapSize                  = 122912730                              {pd product} {ergonomic}
    uintx ProfiledCodeHeapSize                     = 122912730                              {pd product} {ergonomic}
    uintx ReservedCodeCacheSize                    = 251658240                              {pd product} {ergonomic}
     bool SegmentedCodeCache                       = true                                      {product} {ergonomic}
   size_t SoftMaxHeapSize                          = 4259315712                             {manageable} {ergonomic}
     bool UseCompressedClassPointers               = true                           {product lp64_product} {ergonomic}
     bool UseCompressedOops                        = true                           {product lp64_product} {ergonomic}
     bool UseG1GC                                  = true                                      {product} {ergonomic}
     bool UseLargePagesIndividualAllocation        = false                                  {pd product} {ergonomic}

Logging:
Log output configuration:
 #0: stdout all=warning uptime,level,tags
 #1: stderr all=off uptime,level,tags

Environment Variables:
JAVA_HOME=C:\Program Files\Java\jdk-17
PATH=C:\Program Files\Git\mingw64\libexec\git-core;C:\Program Files\Git\mingw64\libexec\git-core;C:\Program Files\Git\mingw64\bin;C:\Program Files\Git\usr\bin;C:\Users\sina\bin;C:\Program Files\Common Files\Oracle\Java\javapath;C:\Windows\system32;C:\Windows;C:\Windows\System32\Wbem;C:\Windows\System32\WindowsPowerShell\v1.0;C:\Windows\System32\OpenSSH;C:\Program Files\Git\cmd;C:\Program Files\dotnet;C:\Users\sina\AppData\Local\Microsoft\WindowsApps
USERNAME=sina
DISPLAY=:0.0
LC_ALL=en_US.UTF-8
TERM=cygwin
TMPDIR=C:\Users\sina\AppData\Local\Temp
OS=Windows_NT
PROCESSOR_IDENTIFIER=Intel64 Family 6 Model 78 Stepping 3, GenuineIntel
TMP=C:\Users\sina\AppData\Local\Temp
TEMP=C:\Users\sina\AppData\Local\Temp


JNI global refs:
JNI global refs: 0, weak refs: 0

JNI global refs memory usage: 0, weak refs: 0

OOME stack traces (most recent first):
Classloader memory used:


---------------  S Y S T E M  ---------------

OS:
 Windows 10 , 64 bit Build 19041 (10.0.19041.3636)
OS uptime: 11 days 20:05 hours

CPU: total 4 (initial active 4) (2 cores per cpu, 2 threads per core) family 6 model 78 stepping 3 microcode 0xe2, cx8, cmov, fxsr, ht, mmx, 3dnowpref, sse, sse2, sse3, ssse3, sse4.1, sse4.2, popcnt, lzcnt, tsc, tscinvbit, avx, avx2, aes, erms, clmul, bmi1, bmi2, adx, fma, vzeroupper, clflush, clflushopt

Memory: 4k page, system-wide physical 16240M (481M free)
TotalPageFile size 47406M (AvailPageFile size 58M)
current process WorkingSet (physical memory assigned to process): 10M, peak: 10M
current process commit charge ("private bytes"): 51M, peak: 305M

vm_info: OpenJDK 64-Bit Server VM (17.0.7+0-b2043.56-10550314) for windows-amd64 JRE (17.0.7+0-b2043.56-10550314), built on Jul 24 2023 18:27:45 by "androidbuild" with MS VC++ 16.10 / 16.11 (VS2019)

END.
